{"logTime": "0326/204514", "correlationVector":"H8DuS72WFAzGkUD6DjQwOu.1","action":"SyncServerConnectionManagerRequest", "result":"SYNC_SERVER_OK", "context":{"environment":"Prod_southeastasia_prod-s01-064-apac-southeastasia", "migrationStage":"NotStarted", "server":"akswtt112000002"}}
{"logTime": "0326/204514", "correlationVector":"H8DuS72WFAzGkUD6DjQwOu.2","action":"ProcessGetUpdates", "result":"Done", "context":{"dataType":"Encryption Keys", "deleted":"0", "process_failed_to_decrypt":"0", "process_pending_decryption":"0", "process_success":"1", "total":"1"}}
{"logTime": "0326/204515", "correlationVector":"y5PSzSaTnmiEhD6V1RoQ9o","action":"SyncServerConnectionManagerRequest", "result":"SYNC_SERVER_OK", "context":{"environment":"", "migrationStage":"", "server":""}}
{"logTime": "0326/204515", "correlationVector":"y5PSzSaTnmiEhD6V1RoQ9o.0","action":"EncryptionKeysFetcher.DownloadKeys:", "result":"Success", "context":Key count: 7, Last key timestamp: 2025-10-20T10:48:19Z}
{"logTime": "0326/204515", "correlationVector":"y5PSzSaTnmiEhD6V1RoQ9o.1","action":"EncryptionKeysManager::SetEncryptionKeys:", "result":"Success", "context":Key names[7]:[b0WmBksEDZTYOazzU09v8MaHhQyOq+4qWXE5hUAbwo1uLTFEAvcvJjgtQEmUNh+ib6Z2WTBiysPlci68rc8K1A==][4uXvklpdl6zhJ093rDjIEdoxKMNDN1wMf2g2Ui8PqrKQ5AxRI0/U6LR6a5TXdlMUIydr9cuHylvnHWjWbHI8Rg==][Qy0T2Hqvxtv9snNbdUGikPC6ch8Lezcrk4jKdi0kS1GVddphTvQEcEW/RhVd56C6R/cCNC4NExh5VKIpNy0h9g==][bH4KzSkC1z++f/ZOhypgB2yYFTFzd+wWmN6IGFWPQO3RQW3HTl1OPEom7IZOGhtvGNGbePDw0xI9R50QfXI3pw==][an3hKfeRXll2XUVTi14gTCeYzAe+BGhrlV8mNPSwJHZL9OMq3Zudl3U64luvPCjnb6stm+ZyvOhFtKPzYWbudA==][tqU9fg6WizxrKCi8QTAfgbO2wXNBvRS4f6W0a+p3sBRMFh0Ez71StMjR01LLJVeSsynd2hVf3VLbur5gw8AInQ==][d5oBA2zev+C/Me1ad57QWspoHC+7yE176X+bDEsINISGgbhrgtHNyCcUAbb4dGUmGidk+/EdlrdUscA2z4h2DA==]}
{"logTime": "0326/204515", "correlationVector":"y5PSzSaTnmiEhD6V1RoQ9o.2","action":"EncryptionKeysManager::SetEncryptionKeysWithTimestamps:", "result":"Success", "context":Key timestamps[7]:[2022-04-02T17:00:04Z][2022-11-04T08:56:51Z][2023-06-03T15:37:24Z][2023-12-09T15:17:53Z][2024-06-10T21:17:06Z][2025-01-01T09:22:43Z][2025-10-20T10:48:19Z]}
{"logTime": "0326/204515", "correlationVector":"H8DuS72WFAzGkUD6DjQwOu","action":"Initial GetUpdates", "result":"", "context":Reason: NEW_CLIENT. cV=H8DuS72WFAzGkUD6DjQwOu}
{"logTime": "0326/204515", "correlationVector":"H8DuS72WFAzGkUD6DjQwOu.3","action":"GetUpdates Response", "result":"Success", "context":Received 1 update(s). cV=H8DuS72WFAzGkUD6DjQwOu.0;server=akswtt112000002;cloudType=Consumer;environment=Prod_southeastasia_prod-s01-064-apac-southeastasia;migrationStage=NotStarted}
{"logTime": "0326/204515", "correlationVector":"CYITV2gk9Oizs+judjeN2w","action":"Initial GetUpdates", "result":"", "context":Reason: NEWLY_SUPPORTED_DATATYPE. cV=CYITV2gk9Oizs+judjeN2w}
{"logTime": "0326/204516", "correlationVector":"CYITV2gk9Oizs+judjeN2w.1","action":"SyncServerConnectionManagerRequest", "result":"SYNC_SERVER_OK", "context":{"environment":"Prod_southeastasia_prod-s01-064-apac-southeastasia", "migrationStage":"NotStarted", "server":"akswtt11200000p"}}
{"logTime": "0326/204516", "correlationVector":"CYITV2gk9Oizs+judjeN2w.2","action":"ProcessGetUpdates", "result":"Done", "context":{"dataType":"Preferences", "deleted":"0", "process_failed_to_decrypt":"0", "process_pending_decryption":"0", "process_success":"57", "total":"57"}}
{"logTime": "0326/204516", "correlationVector":"CYITV2gk9Oizs+judjeN2w.3","action":"ProcessGetUpdates", "result":"Done", "context":{"dataType":"Passwords", "deleted":"0", "process_failed_to_decrypt":"0", "process_pending_decryption":"0", "process_success":"4", "total":"4"}}
{"logTime": "0326/204516", "correlationVector":"CYITV2gk9Oizs+judjeN2w.4","action":"ProcessGetUpdates", "result":"Done", "context":{"dataType":"Device Info", "deleted":"0", "process_failed_to_decrypt":"0", "process_pending_decryption":"0", "process_success":"5", "total":"5"}}
{"logTime": "0326/204516", "correlationVector":"CYITV2gk9Oizs+judjeN2w.5","action":"GetUpdates Response", "result":"Success", "context":Received 66 update(s). cV=CYITV2gk9Oizs+judjeN2w.0;server=akswtt11200000p;cloudType=Consumer;environment=Prod_southeastasia_prod-s01-064-apac-southeastasia;migrationStage=NotStarted}
{"logTime": "0326/204516", "correlationVector":"EmhGknvHisNQEDvGcbkMwc","action":"Initial GetUpdates", "result":"", "context":Reason: NEWLY_SUPPORTED_DATATYPE. cV=EmhGknvHisNQEDvGcbkMwc}
{"logTime": "0326/204517", "correlationVector":"EmhGknvHisNQEDvGcbkMwc.1","action":"SyncServerConnectionManagerRequest", "result":"SYNC_SERVER_OK", "context":{"environment":"Prod_southeastasia_prod-s01-064-apac-southeastasia", "migrationStage":"NotStarted", "server":"akswtt11200000g"}}
{"logTime": "0326/204517", "correlationVector":"EmhGknvHisNQEDvGcbkMwc.2","action":"ProcessGetUpdates", "result":"Done", "context":{"dataType":"Bookmarks", "deleted":"0", "process_failed_to_decrypt":"0", "process_pending_decryption":"0", "process_success":"6", "total":"6"}}
{"logTime": "0326/204517", "correlationVector":"EmhGknvHisNQEDvGcbkMwc.3","action":"GetUpdates Response", "result":"Success", "context":Received 6 update(s). cV=EmhGknvHisNQEDvGcbkMwc.0;server=akswtt11200000g;cloudType=Consumer;environment=Prod_southeastasia_prod-s01-064-apac-southeastasia;migrationStage=NotStarted}
{"logTime": "0326/204517", "correlationVector":"RhMuxLn85/0ktgF0GeMnPc","action":"Initial GetUpdates", "result":"", "context":Reason: NEWLY_SUPPORTED_DATATYPE. cV=RhMuxLn85/0ktgF0GeMnPc}
{"logTime": "0326/204517", "correlationVector":"RhMuxLn85/0ktgF0GeMnPc.1","action":"SyncServerConnectionManagerRequest", "result":"SYNC_SERVER_OK", "context":{"environment":"Prod_southeastasia_prod-s01-064-apac-southeastasia", "migrationStage":"NotStarted", "server":"akswtt11200000p"}}
{"logTime": "0326/204517", "correlationVector":"RhMuxLn85/0ktgF0GeMnPc.2","action":"ProcessGetUpdates", "result":"Done", "context":{"dataType":"Autofill", "deleted":"0", "process_failed_to_decrypt":"0", "process_pending_decryption":"0", "process_success":"8", "total":"8"}}
{"logTime": "0326/204517", "correlationVector":"RhMuxLn85/0ktgF0GeMnPc.3","action":"ProcessGetUpdates", "result":"Done", "context":{"dataType":"Sessions", "deleted":"4", "process_failed_to_decrypt":"0", "process_pending_decryption":"0", "process_success":"4", "total":"4"}}
{"logTime": "0326/204517", "correlationVector":"RhMuxLn85/0ktgF0GeMnPc.4","action":"GetUpdates Response", "result":"Success", "context":Received 12 update(s). cV=RhMuxLn85/0ktgF0GeMnPc.0;server=akswtt11200000p;cloudType=Consumer;environment=Prod_southeastasia_prod-s01-064-apac-southeastasia;migrationStage=NotStarted}
{"logTime": "0326/204517", "correlationVector":"MkxZc7qpdSVVtRJNS4ZMba","action":"Initial GetUpdates", "result":"", "context":Reason: NEWLY_SUPPORTED_DATATYPE. cV=MkxZc7qpdSVVtRJNS4ZMba}
{"logTime": "0326/204518", "correlationVector":"MkxZc7qpdSVVtRJNS4ZMba.1","action":"SyncServerConnectionManagerRequest", "result":"SYNC_SERVER_OK", "context":{"environment":"Prod_southeastasia_prod-s01-064-apac-southeastasia", "migrationStage":"NotStarted", "server":"akswtt11200000g"}}
{"logTime": "0326/204518", "correlationVector":"MkxZc7qpdSVVtRJNS4ZMba.2","action":"GetUpdates Response", "result":"Success", "context":Received 0 update(s). cV=MkxZc7qpdSVVtRJNS4ZMba.0;server=akswtt11200000g;cloudType=Consumer;environment=Prod_southeastasia_prod-s01-064-apac-southeastasia;migrationStage=NotStarted}
{"logTime": "0326/204518", "correlationVector":"qfcos0bJ7qQqWCVy0B/8aJ","action":"Normal GetUpdate request", "result":"", "context":cV=qfcos0bJ7qQqWCVy0B/8aJ
Nudged types: Preferences, Passwords, Sessions, Device Info, User Consents
Refresh requested types: Bookmarks, Preferences, Passwords, Autofill Profiles, Autofill, Extensions, Sessions, Extension settings, History Delete Directives, Device Info, User Consents, Send Tab To Self, Web Apps, History, Saved Tab Group, WebAuthn Credentials, Collection, Edge E Drop, Edge Hub App Usage, Edge Wallet, Edge Workspace, Encryption Keys}
{"logTime": "0326/204519", "correlationVector":"qfcos0bJ7qQqWCVy0B/8aJ.1","action":"SyncServerConnectionManagerRequest", "result":"SYNC_SERVER_OK", "context":{"environment":"Prod_southeastasia_prod-s01-064-apac-southeastasia", "migrationStage":"NotStarted", "server":"akswtt11200000o"}}
{"logTime": "0326/204519", "correlationVector":"qfcos0bJ7qQqWCVy0B/8aJ.2","action":"GetUpdates Response", "result":"Success", "context":Received 0 update(s). cV=qfcos0bJ7qQqWCVy0B/8aJ.0;server=akswtt11200000o;cloudType=Consumer;environment=Prod_southeastasia_prod-s01-064-apac-southeastasia;migrationStage=NotStarted}
{"logTime": "0326/204519", "correlationVector":"EzXE2IdwsAYMKVZzKzln5/","action":"Commit Request", "result":"", "context":Item count: 13
Contributing types: Preferences, Passwords, Sessions, Device Info, User Consents}
{"logTime": "0326/204523", "correlationVector":"EzXE2IdwsAYMKVZzKzln5/.1","action":"SyncServerConnectionManagerRequest", "result":"SYNC_SERVER_OK", "context":{"environment":"Prod_southeastasia_prod-s01-064-apac-southeastasia", "migrationStage":"NotStarted", "server":"akswtt112000002"}}
{"logTime": "0326/204523", "correlationVector":"EzXE2IdwsAYMKVZzKzln5/.2","action":"Commit Response", "result":"Success", "context":Result: Success. cV=EzXE2IdwsAYMKVZzKzln5/.0;server=akswtt112000002;cloudType=Consumer;environment=Prod_southeastasia_prod-s01-064-apac-southeastasia;migrationStage=NotStarted}
{"logTime": "0326/204523", "correlationVector":"HWgVPBuNZPK93CRnZ3POPO","action":"Commit Request", "result":"", "context":Item count: 2
Contributing types: Sessions, History}
{"logTime": "0326/204525", "correlationVector":"HWgVPBuNZPK93CRnZ3POPO.1","action":"SyncServerConnectionManagerRequest", "result":"SYNC_SERVER_OK", "context":{"environment":"Prod_southeastasia_prod-s01-064-apac-southeastasia", "migrationStage":"NotStarted", "server":"akswtt112000002"}}
{"logTime": "0326/204525", "correlationVector":"HWgVPBuNZPK93CRnZ3POPO.2","action":"Commit Response", "result":"Success", "context":Result: Success. cV=HWgVPBuNZPK93CRnZ3POPO.0;server=akswtt112000002;cloudType=Consumer;environment=Prod_southeastasia_prod-s01-064-apac-southeastasia;migrationStage=NotStarted}
{"logTime": "0326/204734", "correlationVector":"lVS//f7Z2rkWXksz4FwwwF","action":"Commit Request", "result":"", "context":Item count: 4
Contributing types: Sessions, History}
{"logTime": "0326/204736", "correlationVector":"lVS//f7Z2rkWXksz4FwwwF.1","action":"SyncServerConnectionManagerRequest", "result":"SYNC_SERVER_OK", "context":{"environment":"Prod_southeastasia_prod-s01-065-apac-southeastasia", "migrationStage":"NotStarted", "server":"akswtt11200000o"}}
{"logTime": "0326/204736", "correlationVector":"lVS//f7Z2rkWXksz4FwwwF.2","action":"Commit Response", "result":"Success", "context":Result: Success. cV=lVS//f7Z2rkWXksz4FwwwF.0;server=akswtt11200000o;cloudType=Consumer;environment=Prod_southeastasia_prod-s01-065-apac-southeastasia;migrationStage=NotStarted}
{"logTime": "0326/204943", "correlationVector":"0nu9ulLKvqAYLkVi8rTD4/","action":"Commit Request", "result":"", "context":Item count: 1
Contributing types: Sessions}
{"logTime": "0326/204943", "correlationVector":"0nu9ulLKvqAYLkVi8rTD4/.1","action":"SyncServerConnectionManagerRequest", "result":"SYNC_SERVER_OK", "context":{"environment":"Prod_southeastasia_prod-s01-064-apac-southeastasia", "migrationStage":"NotStarted", "server":"akswtt11200000k"}}
{"logTime": "0326/204943", "correlationVector":"0nu9ulLKvqAYLkVi8rTD4/.3","action":"Commit.Sessions", "result":"Success", "context":{"id":"ce70ed2d-02b1-4c98-8b99-26e1c174850d", "isDeleted":"true", "size":"0", "version":"1774558054339"}}
{"logTime": "0326/204943", "correlationVector":"0nu9ulLKvqAYLkVi8rTD4/.2","action":"Commit Response", "result":"Success", "context":Result: Success. cV=0nu9ulLKvqAYLkVi8rTD4/.0;server=akswtt11200000k;cloudType=Consumer;environment=Prod_southeastasia_prod-s01-064-apac-southeastasia;migrationStage=NotStarted}
{"logTime": "0326/205128", "correlationVector":"BxqwCZ0tmjzP7fHDGDv59y","action":"Commit Request", "result":"", "context":Item count: 3
Contributing types: Sessions, History}
{"logTime": "0326/205129", "correlationVector":"BxqwCZ0tmjzP7fHDGDv59y.1","action":"SyncServerConnectionManagerRequest", "result":"SYNC_SERVER_OK", "context":{"environment":"Prod_southeastasia_prod-s01-064-apac-southeastasia", "migrationStage":"NotStarted", "server":"akswtt11200000a"}}
{"logTime": "0326/205129", "correlationVector":"BxqwCZ0tmjzP7fHDGDv59y.2","action":"Commit Response", "result":"Success", "context":Result: Success. cV=BxqwCZ0tmjzP7fHDGDv59y.0;server=akswtt11200000a;cloudType=Consumer;environment=Prod_southeastasia_prod-s01-064-apac-southeastasia;migrationStage=NotStarted}
{"logTime": "0326/205351", "correlationVector":"kYV2xIR/N3YCX+G+S5eAID","action":"Commit Request", "result":"", "context":Item count: 1
Contributing types: Sessions}
{"logTime": "0326/205352", "correlationVector":"kYV2xIR/N3YCX+G+S5eAID.1","action":"SyncServerConnectionManagerRequest", "result":"SYNC_SERVER_OK", "context":{"environment":"Prod_southeastasia_prod-s01-064-apac-southeastasia", "migrationStage":"NotStarted", "server":"akswtt112000003"}}
{"logTime": "0326/205352", "correlationVector":"kYV2xIR/N3YCX+G+S5eAID.2","action":"Commit Response", "result":"Success", "context":Result: Success. cV=kYV2xIR/N3YCX+G+S5eAID.0;server=akswtt112000003;cloudType=Consumer;environment=Prod_southeastasia_prod-s01-064-apac-southeastasia;migrationStage=NotStarted}
{"logTime": "0326/205632", "correlationVector":"KbTitZZEIz3HaPoTnSlHT2","action":"Commit Request", "result":"", "context":Item count: 1
Contributing types: Sessions}
{"logTime": "0326/205633", "correlationVector":"KbTitZZEIz3HaPoTnSlHT2.1","action":"SyncServerConnectionManagerRequest", "result":"SYNC_SERVER_OK", "context":{"environment":"Prod_southeastasia_prod-s01-064-apac-southeastasia", "migrationStage":"NotStarted", "server":"akswtt112000007"}}
{"logTime": "0326/205633", "correlationVector":"KbTitZZEIz3HaPoTnSlHT2.2","action":"Commit Response", "result":"Success", "context":Result: Success. cV=KbTitZZEIz3HaPoTnSlHT2.0;server=akswtt112000007;cloudType=Consumer;environment=Prod_southeastasia_prod-s01-064-apac-southeastasia;migrationStage=NotStarted}
{"logTime": "0326/210654", "correlationVector":"0QimStT4xvYfMeNgPw3kAS","action":"Commit Request", "result":"", "context":Item count: 1
Contributing types: Sessions}
{"logTime": "0326/210655", "correlationVector":"0QimStT4xvYfMeNgPw3kAS.1","action":"SyncServerConnectionManagerRequest", "result":"SYNC_SERVER_OK", "context":{"environment":"Prod_southeastasia_prod-s01-065-apac-southeastasia", "migrationStage":"NotStarted", "server":"akswtt112000001"}}
{"logTime": "0326/210655", "correlationVector":"0QimStT4xvYfMeNgPw3kAS.2","action":"Commit Response", "result":"Success", "context":Result: Success. cV=0QimStT4xvYfMeNgPw3kAS.0;server=akswtt112000001;cloudType=Consumer;environment=Prod_southeastasia_prod-s01-065-apac-southeastasia;migrationStage=NotStarted}
{"logTime": "0326/211219", "correlationVector":"ph9An2cnWwz2ctES39a8QF","action":"Normal GetUpdate request", "result":"", "context":cV=ph9An2cnWwz2ctES39a8QF
Notified types: Preferences, Device Info, History}
{"logTime": "0326/211221", "correlationVector":"ph9An2cnWwz2ctES39a8QF.1","action":"SyncServerConnectionManagerRequest", "result":"SYNC_SERVER_OK", "context":{"environment":"Prod_southeastasia_prod-s01-065-apac-southeastasia", "migrationStage":"NotStarted", "server":"akswtt112000008"}}
{"logTime": "0326/211221", "correlationVector":"ph9An2cnWwz2ctES39a8QF.2","action":"ProcessGetUpdates", "result":"Done", "context":{"dataType":"Preferences", "deleted":"0", "process_failed_to_decrypt":"0", "process_pending_decryption":"0", "process_success":"7", "total":"7"}}
{"logTime": "0326/211221", "correlationVector":"ph9An2cnWwz2ctES39a8QF.3","action":"ProcessGetUpdates", "result":"Done", "context":{"dataType":"Passwords", "deleted":"0", "process_failed_to_decrypt":"0", "process_pending_decryption":"0", "process_success":"3", "total":"3"}}
{"logTime": "0326/211221", "correlationVector":"ph9An2cnWwz2ctES39a8QF.4","action":"ProcessGetUpdates", "result":"Done", "context":{"dataType":"Sessions", "deleted":"2", "process_failed_to_decrypt":"0", "process_pending_decryption":"0", "process_success":"7", "total":"7"}}
{"logTime": "0326/211221", "correlationVector":"ph9An2cnWwz2ctES39a8QF.5","action":"ProcessGetUpdates", "result":"Done", "context":{"dataType":"Device Info", "deleted":"0", "process_failed_to_decrypt":"0", "process_pending_decryption":"0", "process_success":"2", "total":"2"}}
{"logTime": "0326/211221", "correlationVector":"ph9An2cnWwz2ctES39a8QF.6","action":"ProcessGetUpdates", "result":"Done", "context":{"dataType":"History", "deleted":"0", "process_failed_to_decrypt":"0", "process_pending_decryption":"0", "process_success":"4", "total":"4"}}
{"logTime": "0326/211221", "correlationVector":"ph9An2cnWwz2ctES39a8QF.7","action":"GetUpdates Response", "result":"Success", "context":Received 23 update(s). cV=ph9An2cnWwz2ctES39a8QF.0;server=akswtt112000008;cloudType=Consumer;environment=Prod_southeastasia_prod-s01-065-apac-southeastasia;migrationStage=NotStarted}
{"logTime": "0326/211221", "correlationVector":"rAXHULXQQMSoV/XaKkD/BC","action":"DoCompareDataConsistency requsted types: ", "result":"Bookmarks, Preferences, Passwords, Extensions, Extension settings, History Delete Directives, Send Tab To Self, Web Apps, History, Saved Tab Group, WebAuthn Credentials, Collection, Edge E Drop, Edge Wallet, Edge Workspace, Encryption Keys"}
{"logTime": "0326/211221", "correlationVector":"rAXHULXQQMSoV/XaKkD/BC.0","action":"CompareDataConsistency result: ", "result":"Compare result: Encryption Keys is consistent. local entities count is: 1 local entities hash is: 0qov9xW8GOi6XYYT7HZukgd9My8="}
{"logTime": "0326/211221", "correlationVector":"rAXHULXQQMSoV/XaKkD/BC.1","action":"CompareDataConsistency result: ", "result":"Compare result: Bookmarks is consistent. local entities count is: 0 local entities hash is: "}
{"logTime": "0326/211221", "correlationVector":"rAXHULXQQMSoV/XaKkD/BC.2","action":"CompareDataConsistency result: ", "result":"Compare result: Preferences is consistent. local entities count is: 61 local entities hash is: 7iyjhW6kdHQpt44nMRAIfjrDIZw="}
{"logTime": "0326/211221", "correlationVector":"rAXHULXQQMSoV/XaKkD/BC.3","action":"CompareDataConsistency result: ", "result":"Compare result: Extensions is consistent. local entities count is: 0 local entities hash is: "}
{"logTime": "0326/211221", "correlationVector":"rAXHULXQQMSoV/XaKkD/BC.4","action":"CompareDataConsistency result: ", "result":"Compare result: Extension settings is consistent. local entities count is: 0 local entities hash is: "}
{"logTime": "0326/211221", "correlationVector":"rAXHULXQQMSoV/XaKkD/BC.5","action":"CompareDataConsistency result: ", "result":"Compare result: History Delete Directives is consistent. local entities count is: 0 local entities hash is: "}
{"logTime": "0326/211221", "correlationVector":"rAXHULXQQMSoV/XaKkD/BC.6","action":"CompareDataConsistency result: ", "result":"Server did not send this Send Tab To Self local entities count is: 0 local entities hash is: "}
{"logTime": "0326/211221", "correlationVector":"rAXHULXQQMSoV/XaKkD/BC.7","action":"CompareDataConsistency result: ", "result":"Compare result: Web Apps is consistent. local entities count is: 0 local entities hash is: "}
{"logTime": "0326/211221", "correlationVector":"rAXHULXQQMSoV/XaKkD/BC.8","action":"CompareDataConsistency result: ", "result":"Server did not send this History local entities count is: 0 local entities hash is: "}
{"logTime": "0326/211221", "correlationVector":"rAXHULXQQMSoV/XaKkD/BC.9","action":"CompareDataConsistency result: ", "result":"Compare result: Saved Tab Group is consistent. local entities count is: 0 local entities hash is: "}
{"logTime": "0326/211221", "correlationVector":"rAXHULXQQMSoV/XaKkD/BC.10","action":"CompareDataConsistency result: ", "result":"Server did not send this WebAuthn Credentials local entities count is: 0 local entities hash is: "}
{"logTime": "0326/211221", "correlationVector":"rAXHULXQQMSoV/XaKkD/BC.11","action":"CompareDataConsistency result: ", "result":"Compare result: Collection is consistent. local entities count is: 0 local entities hash is: "}
{"logTime": "0326/211221", "correlationVector":"rAXHULXQQMSoV/XaKkD/BC.12","action":"CompareDataConsistency result: ", "result":"Compare result: Edge E Drop is consistent. local entities count is: 0 local entities hash is: "}
{"logTime": "0326/211221", "correlationVector":"rAXHULXQQMSoV/XaKkD/BC.13","action":"CompareDataConsistency result: ", "result":"Compare result: Edge Wallet is consistent. local entities count is: 0 local entities hash is: "}
{"logTime": "0326/211221", "correlationVector":"rAXHULXQQMSoV/XaKkD/BC.14","action":"CompareDataConsistency result: ", "result":"Server did not send this Edge Workspace local entities count is: 0 local entities hash is: "}
{"logTime": "0326/211221", "correlationVector":"rAXHULXQQMSoV/XaKkD/BC.15","action":"CompareDataConsistency result: ", "result":"Compare result: Passwords is consistent. local entities count is: 4 local entities hash is: aGRn1j5k1r0256Go9APaATKyyyY="}
{"logTime": "0326/211221", "correlationVector":"","action":"DIAGNOSTIC_REQUEST|v1/diagnosticData/Diagnostic.SendCheckResult()|SUCCESS", "result":""}
{"logTime": "0326/211222", "correlationVector":"Pgx1AporZ9PgZW2SOrIE5h","action":"Normal GetUpdate request", "result":"", "context":cV=Pgx1AporZ9PgZW2SOrIE5h
Notified types: History}
{"logTime": "0326/211223", "correlationVector":"Pgx1AporZ9PgZW2SOrIE5h.1","action":"SyncServerConnectionManagerRequest", "result":"SYNC_SERVER_OK", "context":{"environment":"Prod_southeastasia_prod-s01-065-apac-southeastasia", "migrationStage":"NotStarted", "server":"akswtt112000003"}}
{"logTime": "0326/211223", "correlationVector":"Pgx1AporZ9PgZW2SOrIE5h.2","action":"ProcessGetUpdates", "result":"Done", "context":{"dataType":"Sessions", "deleted":"0", "process_failed_to_decrypt":"0", "process_pending_decryption":"0", "process_success":"2", "total":"2"}}
{"logTime": "0326/211223", "correlationVector":"Pgx1AporZ9PgZW2SOrIE5h.3","action":"ProcessGetUpdates", "result":"Done", "context":{"dataType":"History", "deleted":"0", "process_failed_to_decrypt":"0", "process_pending_decryption":"0", "process_success":"3", "total":"3"}}
{"logTime": "0326/211223", "correlationVector":"Pgx1AporZ9PgZW2SOrIE5h.4","action":"GetUpdates Response", "result":"Success", "context":Received 5 update(s). cV=Pgx1AporZ9PgZW2SOrIE5h.0;server=akswtt112000003;cloudType=Consumer;environment=Prod_southeastasia_prod-s01-065-apac-southeastasia;migrationStage=NotStarted}
{"logTime": "0326/211224", "correlationVector":"d6yls2tBLGVY7TyD4hjPb0","action":"Normal GetUpdate request", "result":"", "context":cV=d6yls2tBLGVY7TyD4hjPb0
Notified types: Device Info}
{"logTime": "0326/211225", "correlationVector":"d6yls2tBLGVY7TyD4hjPb0.1","action":"SyncServerConnectionManagerRequest", "result":"SYNC_SERVER_OK", "context":{"environment":"Prod_southeastasia_prod-s01-065-apac-southeastasia", "migrationStage":"NotStarted", "server":"akswtt112000007"}}
{"logTime": "0326/211225", "correlationVector":"d6yls2tBLGVY7TyD4hjPb0.2","action":"ProcessGetUpdates", "result":"Done", "context":{"dataType":"Device Info", "deleted":"0", "process_failed_to_decrypt":"0", "process_pending_decryption":"0", "process_success":"1", "total":"1"}}
{"logTime": "0326/211225", "correlationVector":"d6yls2tBLGVY7TyD4hjPb0.3","action":"GetUpdates Response", "result":"Success", "context":Received 1 update(s). cV=d6yls2tBLGVY7TyD4hjPb0.0;server=akswtt112000007;cloudType=Consumer;environment=Prod_southeastasia_prod-s01-065-apac-southeastasia;migrationStage=NotStarted}
{"logTime": "0326/211228", "correlationVector":"a+rw8lba/4kFxuKCeaTghU","action":"Normal GetUpdate request", "result":"", "context":cV=a+rw8lba/4kFxuKCeaTghU
Notified types: Preferences, History}
{"logTime": "0326/211229", "correlationVector":"a+rw8lba/4kFxuKCeaTghU.1","action":"SyncServerConnectionManagerRequest", "result":"SYNC_SERVER_OK", "context":{"environment":"Prod_southeastasia_prod-s01-065-apac-southeastasia", "migrationStage":"NotStarted", "server":"akswtt11200000p"}}
{"logTime": "0326/211229", "correlationVector":"a+rw8lba/4kFxuKCeaTghU.2","action":"ProcessGetUpdates", "result":"Done", "context":{"dataType":"Preferences", "deleted":"0", "process_failed_to_decrypt":"0", "process_pending_decryption":"0", "process_success":"1", "total":"1"}}
{"logTime": "0326/211229", "correlationVector":"a+rw8lba/4kFxuKCeaTghU.3","action":"ProcessGetUpdates", "result":"Done", "context":{"dataType":"Sessions", "deleted":"0", "process_failed_to_decrypt":"0", "process_pending_decryption":"0", "process_success":"1", "total":"1"}}
{"logTime": "0326/211229", "correlationVector":"a+rw8lba/4kFxuKCeaTghU.4","action":"ProcessGetUpdates", "result":"Done", "context":{"dataType":"History", "deleted":"0", "process_failed_to_decrypt":"0", "process_pending_decryption":"0", "process_success":"3", "total":"3"}}
{"logTime": "0326/211229", "correlationVector":"a+rw8lba/4kFxuKCeaTghU.5","action":"GetUpdates Response", "result":"Success", "context":Received 5 update(s). cV=a+rw8lba/4kFxuKCeaTghU.0;server=akswtt11200000p;cloudType=Consumer;environment=Prod_southeastasia_prod-s01-065-apac-southeastasia;migrationStage=NotStarted}
{"logTime": "0326/211247", "correlationVector":"XxoN0YaO7/uxAMk6BFoQp8","action":"Normal GetUpdate request", "result":"", "context":cV=XxoN0YaO7/uxAMk6BFoQp8
Notified types: Preferences, History}
{"logTime": "0326/211247", "correlationVector":"XxoN0YaO7/uxAMk6BFoQp8.1","action":"SyncServerConnectionManagerRequest", "result":"SYNC_SERVER_OK", "context":{"environment":"Prod_southeastasia_prod-s01-065-apac-southeastasia", "migrationStage":"NotStarted", "server":"akswtt112000007"}}
{"logTime": "0326/211247", "correlationVector":"XxoN0YaO7/uxAMk6BFoQp8.2","action":"ProcessGetUpdates", "result":"Done", "context":{"dataType":"Preferences", "deleted":"0", "process_failed_to_decrypt":"0", "process_pending_decryption":"0", "process_success":"1", "total":"1"}}
{"logTime": "0326/211247", "correlationVector":"XxoN0YaO7/uxAMk6BFoQp8.3","action":"ProcessGetUpdates", "result":"Done", "context":{"dataType":"Sessions", "deleted":"0", "process_failed_to_decrypt":"0", "process_pending_decryption":"0", "process_success":"2", "total":"2"}}
{"logTime": "0326/211247", "correlationVector":"XxoN0YaO7/uxAMk6BFoQp8.4","action":"ProcessGetUpdates", "result":"Done", "context":{"dataType":"History", "deleted":"0", "process_failed_to_decrypt":"0", "process_pending_decryption":"0", "process_success":"1", "total":"1"}}
{"logTime": "0326/211247", "correlationVector":"XxoN0YaO7/uxAMk6BFoQp8.5","action":"GetUpdates Response", "result":"Success", "context":Received 4 update(s). cV=XxoN0YaO7/uxAMk6BFoQp8.0;server=akswtt112000007;cloudType=Consumer;environment=Prod_southeastasia_prod-s01-065-apac-southeastasia;migrationStage=NotStarted}
{"logTime": "0326/211325", "correlationVector":"14gGivzwk6Mi1AdGAzpLUH","action":"Normal GetUpdate request", "result":"", "context":cV=14gGivzwk6Mi1AdGAzpLUH
Notified types: Device Info}
{"logTime": "0326/211326", "correlationVector":"14gGivzwk6Mi1AdGAzpLUH.1","action":"SyncServerConnectionManagerRequest", "result":"SYNC_SERVER_OK", "context":{"environment":"Prod_southeastasia_prod-s01-065-apac-southeastasia", "migrationStage":"NotStarted", "server":"akswtt112000008"}}
{"logTime": "0326/211326", "correlationVector":"14gGivzwk6Mi1AdGAzpLUH.2","action":"ProcessGetUpdates", "result":"Done", "context":{"dataType":"Sessions", "deleted":"1", "process_failed_to_decrypt":"0", "process_pending_decryption":"0", "process_success":"1", "total":"1"}}
{"logTime": "0326/211326", "correlationVector":"14gGivzwk6Mi1AdGAzpLUH.3","action":"ProcessGetUpdates", "result":"Done", "context":{"dataType":"Device Info", "deleted":"0", "process_failed_to_decrypt":"0", "process_pending_decryption":"0", "process_success":"1", "total":"1"}}
{"logTime": "0326/211326", "correlationVector":"14gGivzwk6Mi1AdGAzpLUH.4","action":"GetUpdates Response", "result":"Success", "context":Received 2 update(s). cV=14gGivzwk6Mi1AdGAzpLUH.0;server=akswtt112000008;cloudType=Consumer;environment=Prod_southeastasia_prod-s01-065-apac-southeastasia;migrationStage=NotStarted}
{"logTime": "0326/212154", "correlationVector":"oMgBnlfbiMsqtHeRpI43Nb","action":"Commit Request", "result":"", "context":Item count: 1
Contributing types: Sessions}
{"logTime": "0326/212155", "correlationVector":"oMgBnlfbiMsqtHeRpI43Nb.1","action":"SyncServerConnectionManagerRequest", "result":"SYNC_SERVER_OK", "context":{"environment":"Prod_southeastasia_prod-s01-064-apac-southeastasia", "migrationStage":"NotStarted", "server":"akswtt11200000i"}}
{"logTime": "0326/212155", "correlationVector":"oMgBnlfbiMsqtHeRpI43Nb.2","action":"Commit Response", "result":"Success", "context":Result: Success. cV=oMgBnlfbiMsqtHeRpI43Nb.0;server=akswtt11200000i;cloudType=Consumer;environment=Prod_southeastasia_prod-s01-064-apac-southeastasia;migrationStage=NotStarted}
